// Jest Snapshot v1, https://goo.gl/fbAQLP

exports[`AddProperty renders correctly 1`] = `
<DocumentFragment>
  <div
    class="add-property"
  >
    <h2>
      Add Property Page
    </h2>
    <form>
      <div
        class="form-field"
      >
        <label
          for="title"
        >
          <span>
            Title
          </span>
          <input
            id="title"
            name="title"
            value=""
          />
        </label>
      </div>
      <div
        class="form-field"
      >
        <label
          for="city"
        >
          <span>
            City
          </span>
          <select
            id="city"
            name="city"
          >
            <option
              value="Manchester"
            >
              Manchester
            </option>
            <option
              value="Leeds"
            >
              Leeds
            </option>
            <option
              value="London"
            >
              London
            </option>
            <option
              value="York"
            >
              York
            </option>
            <option
              value="NewCastle"
            >
              NewCastle
            </option>
          </select>
        </label>
      </div>
      <div
        class="form-field"
      >
        <label
          for="type"
        >
          <span>
            House Type
          </span>
          <select
            id="type"
            name="type"
          >
            <option
              value="Flat"
            >
              Flat
            </option>
            <option
              value="Detached"
            >
              Detached
            </option>
            <option
              value="Semi-Detached"
            >
              Semi-Detached
            </option>
            <option
              value="Terraced"
            >
              Terraced
            </option>
            <option
              value="End of Terrace"
            >
              End of Terrace
            </option>
            <option
              value="Cottage"
            >
              Cottage
            </option>
            <option
              value="Bungalow"
            >
              Bungalow
            </option>
          </select>
        </label>
      </div>
      <div
        class="form-field"
      >
        <label
          for="bedrooms"
        >
          <span>
            Bedrooms
          </span>
          <input
            id="bedrooms"
            name="bedrooms"
            placeholder="Bedrooms"
            type="number"
            value="1"
          />
        </label>
      </div>
      <div
        class="form-field"
      >
        <label
          for="bathrooms"
        >
          <span>
            Bathrooms
          </span>
          <input
            id="bathrooms"
            name="bathrooms"
            placeholder="Bathrooms"
            type="number"
            value="1"
          />
        </label>
      </div>
      <div
        class="form-field"
      >
        <label
          for="price"
        >
          <span>
            Price
          </span>
          <input
            id="price"
            min="0"
            name="price"
            placeholder="Price Range"
            step="500"
            type="number"
            value="0"
          />
          <span>
            Â£
          </span>
        </label>
      </div>
      <div
        class="form-field"
      >
        <label
          for="email"
        >
          <span>
            email
          </span>
          <input
            id="email"
            name="email"
            placeholder="example@outlook.com"
            type="text"
            value=""
          />
        </label>
      </div>
      <div>
        <button
          type="submit"
        >
          Add
        </button>
      </div>
    </form>
  </div>
</DocumentFragment>
`;
