// Jest Snapshot v1, https://goo.gl/fbAQLP

exports[`Properties renders correctly 1`] = `
<DocumentFragment>
  <div>
    Properties page
  </div>
</DocumentFragment>
`;
